{"first_name":"first name","rules":["ADMIN","ATTENDANT","USER"]}
{"first_name":"first name","rules":["ADMIN","ATTENDANT","USER"]}
{"first_name":"first name","rules":["ADMIN","ATTENDANT","USER"]}
{"first_name":"first name","rules":["ADMIN","ATTENDANT","USER"]}
{"first_name":"first name","rules":["ADMIN","ATTENDANT","USER"]}
{"first_name":"first name","rules":["ADMIN","ATTENDANT","USER"]}
{"first_name":"first name","rules":["ADMIN","ATTENDANT","USER"]}
{"first_name":"first name","rules":["ADMIN","ATTENDANT","USER"]}
