[{"first_name":"first name"},{"first_name":"first name"}]
[{"first_name":"first name"},{"first_name":"first name"}]
[{"first_name":"first name"},{"first_name":"first name"}]
[{"first_name":"first name"},{"first_name":"first name"}]
[{"first_name":"first name"},{"first_name":"first name"}]
[{"first_name":"first name"},{"first_name":"first name"}]
[{"first_name":"first name"},{"first_name":"first name"}]
[{"first_name":"first name"},{"first_name":"first name"}]
