[{"first_name":"first name","timestamp":1696435137753},{"first_name":"first name","timestamp":1696435137753}]
[{"first_name":"first name","timestamp":1696435137753},{"first_name":"first name","timestamp":1696435137753}]
[{"first_name":"first name","timestamp":1696435137753},{"first_name":"first name","timestamp":1696435137753}]
[{"first_name":"first name","timestamp":1696435137753},{"first_name":"first name","timestamp":1696435137753}]
[{"first_name":"first name","timestamp":1696435137753},{"first_name":"first name","timestamp":1696435137753}]
[{"first_name":"first name","timestamp":1696435137753},{"first_name":"first name","timestamp":1696435137753}]
[{"first_name":"first name","timestamp":1696435137753},{"first_name":"first name","timestamp":1696435137753}]
[{"first_name":"first name","timestamp":1696435137753},{"first_name":"first name","timestamp":1696435137753}]
