{"first_name":"first name","last_name":"last name","rules":["ADMIN","ATTENDANT","USER"]}
{"first_name":"first name","last_name":"last name","rules":["ADMIN","ATTENDANT","USER"]}
{"first_name":"first name","last_name":"last name","rules":["ADMIN","ATTENDANT","USER"]}
{"first_name":"first name","last_name":"last name","rules":["ADMIN","ATTENDANT","USER"]}
{"first_name":"first name","last_name":"last name","rules":["ADMIN","ATTENDANT","USER"]}
{"first_name":"first name","last_name":"last name","rules":["ADMIN","ATTENDANT","USER"]}
{"first_name":"first name","last_name":"last name","rules":["ADMIN","ATTENDANT","USER"]}
{"first_name":"first name","last_name":"last name","rules":["ADMIN","ATTENDANT","USER"]}
