{"document_number":"999.999.999-99","first_name":"first name","last_name":"last name","timestamp":1696435137753}
{"document_number":"999.999.999-99","first_name":"first name","last_name":"last name","timestamp":1696435137753}
{"document_number":"999.999.999-99","first_name":"first name","last_name":"last name","timestamp":1696435137753}
{"document_number":"999.999.999-99","first_name":"first name","last_name":"last name","timestamp":1696435137753}
{"document_number":"999.999.999-99","first_name":"first name","last_name":"last name","timestamp":1696435137753}
{"document_number":"999.999.999-99","first_name":"first name","last_name":"last name","timestamp":1696435137753}
{"document_number":"999.999.999-99","first_name":"first name","last_name":"last name","timestamp":1696435137753}
{"document_number":"999.999.999-99","first_name":"first name","last_name":"last name","timestamp":1696435137753}
